9,8,0
9,9,1
9,8,0
9,9,1
====================
====================
====================
====================
====================
====================
====================
====================
====================
========SG==========
====================
====================
====================
====================
====================
====================
====================
====================
====================
====================
