9,2,0
9,3,1
8,2,1
9,4,2
9,3,3
9,5,3
10,4,3
9,4,4
8,5,4
8,6,5
7,5,5
9,5,5
8,5,6
8,7,6
8,6,7
8,8,7
8,7,8
8,9,8
8,8,9
8,10,9
8,9,10
8,11,10
8,10,11
8,12,11
8,11,12
8,13,12
8,12,13
7,13,13
9,13,13
9,14,14
8,13,14
10,13,14
9,13,15
9,15,15
9,14,16
9,16,16
9,2,0
9,3,1
9,4,2
9,5,3
8,5,4
8,6,5
8,7,6
8,8,7
8,9,8
8,10,9
8,11,10
8,12,11
8,13,12
9,13,13
9,14,14
9,15,15
9,16,16
====================
====================
==............======
==.==========.======
==.==========.======
==.==========.======
==.==.........======
==.==.=======.======
==.==>>>>>>>>v======
==S>>^=======>>>G===
====.========.======
====.========.======
====..........======
====================
====================
====================
====================
====================
====================
====================
