8,9,0
8,8,1
8,10,1
7,9,1
9,9,1
8,9,0
8,10,1
====================
=..................=
=..................=
=..................=
=..................=
=..................=
=..................=
=..................=
=........SG........=
=..................=
=..................=
=..................=
=..................=
=..................=
=..................=
=..................=
=..................=
=..................=
=..................=
====================
