2,1,0
2,2,1
2,3,2
2,2,3
2,4,3
2,3,4
2,5,4
2,4,5
2,6,5
2,5,6
2,7,6
2,6,7
2,8,7
2,7,8
2,9,8
2,8,9
2,10,9
2,9,10
2,11,10
2,10,11
3,11,11
2,11,12
4,11,12
3,11,13
5,11,13
4,11,14
6,11,14
5,11,15
7,11,15
6,11,16
8,11,16
7,11,17
9,11,17
8,11,18
10,11,18
9,11,19
11,11,19
11,10,20
10,11,20
11,9,21
11,11,21
11,8,22
11,10,22
11,7,23
11,9,23
11,6,24
11,8,24
11,5,25
11,7,25
2,1,0
2,2,1
2,3,2
2,4,3
2,5,4
2,6,5
2,7,6
2,8,7
2,9,8
2,10,9
2,11,10
3,11,11
4,11,12
5,11,13
6,11,14
7,11,15
8,11,16
9,11,17
10,11,18
11,11,19
11,10,20
11,9,21
11,8,22
11,7,23
11,6,24
11,5,25
====================
====================
=S>>>>>>>>>v========
===========v========
===========v========
===========v========
===========v========
===========v========
===========v========
===========v========
===========v========
=====G<<<<<<========
====================
====================
====================
====================
====================
====================
====================
====================
