2,5,0
2,6,1
2,7,2
2,6,3
2,8,3
2,7,4
2,9,4
2,8,5
2,10,5
2,9,6
2,11,6
3,10,6
3,11,7
2,10,7
3,10,8
2,11,8
4,11,8
3,11,9
5,11,9
4,11,10
6,11,10
6,10,11
5,11,11
7,11,11
7,12,12
6,11,12
8,11,12
7,11,13
9,11,13
9,12,14
8,11,14
10,11,14
9,11,15
11,11,15
11,10,16
10,11,16
11,9,17
11,11,17
12,10,17
11,8,18
11,10,18
11,7,19
11,9,19
11,6,20
11,8,20
11,5,21
11,7,21
2,5,0
2,6,1
2,7,2
2,8,3
2,9,4
2,10,5
3,10,6
3,11,7
4,11,8
5,11,9
6,11,10
7,11,11
8,11,12
9,11,13
10,11,14
11,11,15
11,10,16
11,9,17
11,8,18
11,7,19
11,6,20
11,5,21
====================
====================
=====S>>>>v......===
==========>v====.===
=====..==.=v====.===
=====.==.==v====.===
=====......v====.===
===========v.......=
===========v========
=....======v....====
===========v===.====
=====G<<<<<<===.====
=====.====.====.====
=====.====.====.====
=====.====.====.====
=====.====.====.====
=====...........====
==========.=========
==========.=========
====================
