2,9,0
2,8,1
2,10,1
2,11,2
2,7,2
2,6,3
2,8,3
2,10,3
2,12,3
2,11,4
3,12,4
2,12,5
4,12,5
3,12,6
5,12,6
4,12,7
6,12,7
5,12,8
7,12,8
6,12,9
8,12,9
7,12,10
9,12,10
8,12,11
10,12,11
9,12,12
11,12,12
10,12,13
12,12,13
11,12,14
13,12,14
12,12,15
14,12,15
14,11,16
13,12,16
14,10,17
14,12,17
14,9,18
14,11,18
2,9,0
2,10,1
2,8,1
2,7,2
2,11,2
2,12,3
3,12,4
4,12,5
5,12,6
6,12,7
7,12,8
8,12,9
9,12,10
10,12,11
11,12,12
12,12,13
13,12,14
14,12,15
14,11,16
14,10,17
14,9,18
====================
====================
======...S>>v=======
======.=====v=======
======.=====v=======
======.=====v=======
======.=====v=======
======.=====v=======
======.=====v=======
======.=====v=======
======.=====v=======
======.=====v=======
======.=====v=======
======.=====v=======
======...G<<<=======
====================
====================
====================
====================
====================
